// Jest Snapshot v1, https://goo.gl/fbAQLP

exports[`It renders correctly renders as expected 1`] = `[Function]`;
